# Herbalist's Craft build log

- commit: 22c69f1b56da7813edcb3d537d3598aa408aa995
- branch: arena/01a0a294-h-baliss
- recorded: 2026-09-15T13:08:30Z
- result: success

## Errors
```
```
## Tail
```
 [1m[92m♻[0m Used cache of [4mtransformSources[0m in 0.00s
[1m*** Started working on [4mrecompile[0m[0m
 [1m[92m♻[0m Used cache of [4mrecompile[0m in 0.00s
[1m*** Started working on [4msourcesWithNeoForge[0m[0m
 [1m[92m♻[0m Used cache of [4msourcesWithNeoForge[0m in 0.00s
[1m*** Started working on [4mcompiledWithNeoForge[0m[0m
 [1m[92m♻[0m Used cache of [4mcompiledWithNeoForge[0m in 0.00s
[1m*** Started working on [4msourcesAndCompiledWithNeoForge[0m[0m
 [1m[92m♻[0m Used cache of [4msourcesAndCompiledWithNeoForge[0m in 0.00s
Total runtime: 2.29s


> Task :compileJava
Note: /home/runner/work/h-baliss/h-baliss/src/main/java/com/herbalistscraft/herb/HerbCropBlock.java uses or overrides a deprecated API.
Note: Recompile with -Xlint:deprecation for details.

> Task :generateModMetadata
> Task :processResources
> Task :classes
> Task :jarJar NO-SOURCE
> Task :jar
> Task :assemble
> Task :compileTestJava NO-SOURCE
> Task :processTestResources NO-SOURCE
> Task :testClasses UP-TO-DATE
> Task :test NO-SOURCE
> Task :check UP-TO-DATE
> Task :build
gradle/actions: Writing build results to /home/runner/work/_temp/.gradle-actions/build-results/__run_2-1789477680752.json

[Incubating] Problems report is available at: file:///home/runner/work/h-baliss/h-baliss/build/reports/problems/problems-report.html

Deprecated Gradle features were used in this build, making it incompatible with Gradle 9.0.

You can use '--warning-mode all' to show the individual deprecation warnings and determine if they come from your own scripts or plugins.

For more on this, please refer to https://docs.gradle.org/8.14.2/userguide/command_line_interface.html#sec:command_line_warnings in the Gradle documentation.

BUILD SUCCESSFUL in 35s
5 actionable tasks: 5 executed
```
